Archive member included to satisfy reference by file (symbol)

D:/STM32CubeIDE_1.18.0/STM32CubeIDE/plugins/com.st.stm32cube.ide.mcu.externaltools.gnu-tools-for-stm32.13.3.rel1.win32_1.0.0.202411081344/tools/bin/../lib/gcc/arm-none-eabi/13.3.1/../../../../arm-none-eabi/lib/thumb/v7e-m+fp/hard\libc_nano.a(libc_a-exit.o)
                              D:/STM32CubeIDE_1.18.0/STM32CubeIDE/plugins/com.st.stm32cube.ide.mcu.externaltools.gnu-tools-for-stm32.13.3.rel1.win32_1.0.0.202411081344/tools/bin/../lib/gcc/arm-none-eabi/13.3.1/../../../../arm-none-eabi/lib/thumb/v7e-m+fp/hard/crt0.o (exit)
D:/STM32CubeIDE_1.18.0/STM32CubeIDE/plugins/com.st.stm32cube.ide.mcu.externaltools.gnu-tools-for-stm32.13.3.rel1.win32_1.0.0.202411081344/tools/bin/../lib/gcc/arm-none-eabi/13.3.1/../../../../arm-none-eabi/lib/thumb/v7e-m+fp/hard\libc_nano.a(libc_a-findfp.o)
                              D:/STM32CubeIDE_1.18.0/STM32CubeIDE/plugins/com.st.stm32cube.ide.mcu.externaltools.gnu-tools-for-stm32.13.3.rel1.win32_1.0.0.202411081344/tools/bin/../lib/gcc/arm-none-eabi/13.3.1/../../../../arm-none-eabi/lib/thumb/v7e-m+fp/hard\libc_nano.a(libc_a-exit.o) (__stdio_exit_handler)
D:/STM32CubeIDE_1.18.0/STM32CubeIDE/plugins/com.st.stm32cube.ide.mcu.externaltools.gnu-tools-for-stm32.13.3.rel1.win32_1.0.0.202411081344/tools/bin/../lib/gcc/arm-none-eabi/13.3.1/../../../../arm-none-eabi/lib/thumb/v7e-m+fp/hard\libc_nano.a(libc_a-fwalk.o)
                              D:/STM32CubeIDE_1.18.0/STM32CubeIDE/plugins/com.st.stm32cube.ide.mcu.externaltools.gnu-tools-for-stm32.13.3.rel1.win32_1.0.0.202411081344/tools/bin/../lib/gcc/arm-none-eabi/13.3.1/../../../../arm-none-eabi/lib/thumb/v7e-m+fp/hard\libc_nano.a(libc_a-findfp.o) (_fwalk_sglue)
D:/STM32CubeIDE_1.18.0/STM32CubeIDE/plugins/com.st.stm32cube.ide.mcu.externaltools.gnu-tools-for-stm32.13.3.rel1.win32_1.0.0.202411081344/tools/bin/../lib/gcc/arm-none-eabi/13.3.1/../../../../arm-none-eabi/lib/thumb/v7e-m+fp/hard\libc_nano.a(libc_a-stdio.o)
                              D:/STM32CubeIDE_1.18.0/STM32CubeIDE/plugins/com.st.stm32cube.ide.mcu.externaltools.gnu-tools-for-stm32.13.3.rel1.win32_1.0.0.202411081344/tools/bin/../lib/gcc/arm-none-eabi/13.3.1/../../../../arm-none-eabi/lib/thumb/v7e-m+fp/hard\libc_nano.a(libc_a-findfp.o) (__sread)
D:/STM32CubeIDE_1.18.0/STM32CubeIDE/plugins/com.st.stm32cube.ide.mcu.externaltools.gnu-tools-for-stm32.13.3.rel1.win32_1.0.0.202411081344/tools/bin/../lib/gcc/arm-none-eabi/13.3.1/../../../../arm-none-eabi/lib/thumb/v7e-m+fp/hard\libc_nano.a(libc_a-memset.o)
                              D:/STM32CubeIDE_1.18.0/STM32CubeIDE/plugins/com.st.stm32cube.ide.mcu.externaltools.gnu-tools-for-stm32.13.3.rel1.win32_1.0.0.202411081344/tools/bin/../lib/gcc/arm-none-eabi/13.3.1/../../../../arm-none-eabi/lib/thumb/v7e-m+fp/hard/crt0.o (memset)
D:/STM32CubeIDE_1.18.0/STM32CubeIDE/plugins/com.st.stm32cube.ide.mcu.externaltools.gnu-tools-for-stm32.13.3.rel1.win32_1.0.0.202411081344/tools/bin/../lib/gcc/arm-none-eabi/13.3.1/../../../../arm-none-eabi/lib/thumb/v7e-m+fp/hard\libc_nano.a(libc_a-closer.o)
                              D:/STM32CubeIDE_1.18.0/STM32CubeIDE/plugins/com.st.stm32cube.ide.mcu.externaltools.gnu-tools-for-stm32.13.3.rel1.win32_1.0.0.202411081344/tools/bin/../lib/gcc/arm-none-eabi/13.3.1/../../../../arm-none-eabi/lib/thumb/v7e-m+fp/hard\libc_nano.a(libc_a-stdio.o) (_close_r)
D:/STM32CubeIDE_1.18.0/STM32CubeIDE/plugins/com.st.stm32cube.ide.mcu.externaltools.gnu-tools-for-stm32.13.3.rel1.win32_1.0.0.202411081344/tools/bin/../lib/gcc/arm-none-eabi/13.3.1/../../../../arm-none-eabi/lib/thumb/v7e-m+fp/hard\libc_nano.a(libc_a-reent.o)
                              D:/STM32CubeIDE_1.18.0/STM32CubeIDE/plugins/com.st.stm32cube.ide.mcu.externaltools.gnu-tools-for-stm32.13.3.rel1.win32_1.0.0.202411081344/tools/bin/../lib/gcc/arm-none-eabi/13.3.1/../../../../arm-none-eabi/lib/thumb/v7e-m+fp/hard\libc_nano.a(libc_a-closer.o) (errno)
D:/STM32CubeIDE_1.18.0/STM32CubeIDE/plugins/com.st.stm32cube.ide.mcu.externaltools.gnu-tools-for-stm32.13.3.rel1.win32_1.0.0.202411081344/tools/bin/../lib/gcc/arm-none-eabi/13.3.1/../../../../arm-none-eabi/lib/thumb/v7e-m+fp/hard\libc_nano.a(libc_a-impure.o)
                              D:/STM32CubeIDE_1.18.0/STM32CubeIDE/plugins/com.st.stm32cube.ide.mcu.externaltools.gnu-tools-for-stm32.13.3.rel1.win32_1.0.0.202411081344/tools/bin/../lib/gcc/arm-none-eabi/13.3.1/../../../../arm-none-eabi/lib/thumb/v7e-m+fp/hard\libc_nano.a(libc_a-reent.o) (_impure_ptr)
D:/STM32CubeIDE_1.18.0/STM32CubeIDE/plugins/com.st.stm32cube.ide.mcu.externaltools.gnu-tools-for-stm32.13.3.rel1.win32_1.0.0.202411081344/tools/bin/../lib/gcc/arm-none-eabi/13.3.1/../../../../arm-none-eabi/lib/thumb/v7e-m+fp/hard\libc_nano.a(libc_a-lseekr.o)
[...]
Memory Configuration

Name             Origin             Length             Attributes
CCMRAM           0x10000000         0x00010000         xrw
RAM              0x20000000         0x00020000         xrw
FLASH            0x08000000         0x00100000         xr
*default*        0x00000000         0xffffffff

Linker script and memory map

LOAD D:/STM32CubeIDE_1.18.0/STM32CubeIDE/plugins/com.st.stm32cube.ide.mcu.externaltools.gnu-tools-for-stm32.13.3.rel1.win32_1.0.0.202411081344/tools/bin/../lib/gcc/arm-none-eabi/13.3.1/thumb/v7e-m+fp/hard/crti.o
LOAD D:/STM32CubeIDE_1.18.0/STM32CubeIDE/plugins/com.st.stm32cube.ide.mcu.externaltools.gnu-tools-for-stm32.13.3.rel1.win32_1.0.0.202411081344/tools/bin/../lib/gcc/arm-none-eabi/13.3.1/thumb/v7e-m+fp/hard/crtbegin.o
LOAD D:/STM32CubeIDE_1.18.0/STM32CubeIDE/plugins/com.st.stm32cube.ide.mcu.externaltools.gnu-tools-for-stm32.13.3.rel1.win32_1.0.0.202411081344/tools/bin/../lib/gcc/arm-none-eabi/13.3.1/../../../../arm-none-eabi/lib/thumb/v7e-m+fp/hard/crt0.o
LOAD ./Core/Src/MY_LIS3DSH.o
LOAD ./Core/Src/main.o
LOAD ./Core/Src/stm32f4xx_hal_msp.o
LOAD ./Core/Src/stm32f4xx_it.o
LOAD ./Core/Src/syscalls.o
LOAD ./Core/Src/sysmem.o
LOAD ./Core/Src/system_stm32f4xx.o
LOAD ./Core/Startup/startup_stm32f407vgtx.o
LOAD ./Drivers/STM32F4xx_HAL_Driver/Src/stm32f4xx_hal.o
LOAD ./Drivers/STM32F4xx_HAL_Driver/Src/stm32f4xx_hal_cortex.o
LOAD ./Drivers/STM32F4xx_HAL_Driver/Src/stm32f4xx_hal_dma.o
LOAD ./Drivers/STM32F4xx_HAL_Driver/Src/stm32f4xx_hal_dma_ex.o
LOAD ./Drivers/STM32F4xx_HAL_Driver/Src/stm32f4xx_hal_exti.o
LOAD ./Drivers/STM32F4xx_HAL_Driver/Src/stm32f4xx_hal_flash.o
LOAD ./Drivers/STM32F4xx_HAL_Driver/Src/stm32f4xx_hal_flash_ex.o
LOAD ./Drivers/STM32F4xx_HAL_Driver/Src/stm32f4xx_hal_flash_ramfunc.o
LOAD ./Drivers/STM32F4xx_HAL_Driver/Src/stm32f4xx_hal_gpio.o
LOAD ./Drivers/STM32F4xx_HAL_Driver/Src/stm32f4xx_hal_pwr.o
LOAD ./Drivers/STM32F4xx_HAL_Driver/Src/stm32f4xx_hal_pwr_ex.o
LOAD ./Drivers/STM32F4xx_HAL_Driver/Src/stm32f4xx_hal_rcc.o
LOAD ./Drivers/STM32F4xx_HAL_Driver/Src/stm32f4xx_hal_rcc_ex.o
LOAD ./Drivers/STM32F4xx_HAL_Driver/Src/stm32f4xx_hal_spi.o
START GROUP
LOAD D:/STM32CubeIDE_1.18.0/STM32CubeIDE/plugins/com.st.stm32cube.ide.mcu.externaltools.gnu-tools-for-stm32.13.3.rel1.win32_1.0.0.202411081344/tools/bin/../lib/gcc/arm-none-eabi/13.3.1/../../../../arm-none-eabi/lib/thumb/v7e-m+fp/hard\libc_nano.a
LOAD D:/STM32CubeIDE_1.18.0/STM32CubeIDE/plugins/com.st.stm32cube.ide.mcu.externaltools.gnu-tools-for-stm32.13.3.rel1.win32_1.0.0.202411081344/tools/bin/../lib/gcc/arm-none-eabi/13.3.1/../../../../arm-none-eabi/lib/thumb/v7e-m+fp/hard\libm.a
END GROUP
START GROUP
LOAD D:/STM32CubeIDE_1.18.0/STM32CubeIDE/plugins/com.st.stm32cube.ide.mcu.externaltools.gnu-tools-for-stm32.13.3.rel1.win32_1.0.0.202411081344/tools/bin/../lib/gcc/arm-none-eabi/13.3.1/thumb/v7e-m+fp/hard\libgcc.a
LOAD D:/STM32CubeIDE_1.18.0/STM32CubeIDE/plugins/com.st.stm32cube.ide.mcu.externaltools.gnu-tools-for-stm32.13.3.rel1.win32_1.0.0.202411081344/tools/bin/../lib/gcc/arm-none-eabi/13.3.1/../../../../arm-none-eabi/lib/thumb/v7e-m+fp/hard\libc_nano.a
END GROUP
START GROUP
LOAD D:/STM32CubeIDE_1.18.0/STM32CubeIDE/plugins/com.st.stm32cube.ide.mcu.externaltools.gnu-tools-for-stm32.13.3.rel1.win32_1.0.0.202411081344/tools/bin/../lib/gcc/arm-none-eabi/13.3.1/thumb/v7e-m+fp/hard\libgcc.a
LOAD D:/STM32CubeIDE_1.18.0/STM32CubeIDE/plugins/com.st.stm32cube.ide.mcu.externaltools.gnu-tools-for-stm32.13.3.rel1.win32_1.0.0.202411081344/tools/bin/../lib/gcc/arm-none-eabi/13.3.1/../../../../arm-none-eabi/lib/thumb/v7e-m+fp/hard\libc_nano.a
LOAD D:/STM32CubeIDE_1.18.0/STM32CubeIDE/plugins/com.st.stm32cube.ide.mcu.externaltools.gnu-tools-for-stm32.13.3.rel1.win32_1.0.0.202411081344/tools/bin/../lib/gcc/arm-none-eabi/13.3.1/../../../../arm-none-eabi/lib/thumb/v7e-m+fp/hard\libnosys.a
END GROUP
START GROUP
LOAD D:/STM32CubeIDE_1.18.0/STM32CubeIDE/plugins/com.st.stm32cube.ide.mcu.externaltools.gnu-tools-for-stm32.13.3.rel1.win32_1.0.0.202411081344/tools/bin/../lib/gcc/arm-none-eabi/13.3.1/thumb/v7e-m+fp/hard\libgcc.a
LOAD D:/STM32CubeIDE_1.18.0/STM32CubeIDE/plugins/com.st.stm32cube.ide.mcu.externaltools.gnu-tools-for-stm32.13.3.rel1.win32_1.0.0.202411081344/tools/bin/../lib/gcc/arm-none-eabi/13.3.1/../../../../arm-none-eabi/lib/thumb/v7e-m+fp/hard\libc_nano.a
LOAD D:/STM32CubeIDE_1.18.0/STM32CubeIDE/plugins/com.st.stm32cube.ide.mcu.externaltools.gnu-tools-for-stm32.13.3.rel1.win32_1.0.0.202411081344/tools/bin/../lib/gcc/arm-none-eabi/13.3.1/../../../../arm-none-eabi/lib/thumb/v7e-m+fp/hard\libnosys.a
END GROUP
LOAD D:/STM32CubeIDE_1.18.0/STM32CubeIDE/plugins/com.st.stm32cube.ide.mcu.externaltools.gnu-tools-for-stm32.13.3.rel1.win32_1.0.0.202411081344/tools/bin/../lib/gcc/arm-none-eabi/13.3.1/thumb/v7e-m+fp/hard/crtend.o
LOAD D:/STM32CubeIDE_1.18.0/STM32CubeIDE/plugins/com.st.stm32cube.ide.mcu.externaltools.gnu-tools-for-stm32.13.3.rel1.win32_1.0.0.202411081344/tools/bin/../lib/gcc/arm-none-eabi/13.3.1/thumb/v7e-m+fp/hard/crtn.o
                0x20020000                        _estack = (ORIGIN (RAM) + LENGTH (RAM))
                0x00000200                        _Min_Heap_Size = 0x200
                0x00000400                        _Min_Stack_Size = 0x400

.isr_vector     0x08000000      0x188
                0x08000000                        . = ALIGN (0x4)
 *(.isr_vector)
 .isr_vector    0x08000000      0x188 ./Core/Startup/startup_stm32f407vgtx.o
                0x08000000                g_pfnVectors
                0x08000188                        . = ALIGN (0x4)

.text           0x08000188     0x2818
                0x08000188                        . = ALIGN (0x4)
 *(.text)
 .text          0x08000188       0x40 D:/STM32CubeIDE_1.18.0/STM32CubeIDE/plugins/com.st.stm32cube.ide.mcu.externaltools.gnu-tools-for-stm32.13.3.rel1.win32_1.0.0.202411081344/tools/bin/../lib/gcc/arm-none-eabi/13.3.1/thumb/v7e-m+fp/hard/crtbegin.o
 .text          0x080001c8       0x30 D:/STM32CubeIDE_1.18.0/STM32CubeIDE/plugins/com.st.stm32cube.ide.mcu.externaltools.gnu-tools-for-stm32.13.3.rel1.win32_1.0.0.202411081344/tools/bin/../lib/gcc/arm-none-eabi/13.3.1/thumb/v7e-m+fp/hard\libgcc.a(_aeabi_uldivmod.o)
                0x080001c8                __aeabi_uldivmod
 .text          0x080001f8      0x2f8 D:/STM32CubeIDE_1.18.0/STM32CubeIDE/plugins/com.st.stm32cube.ide.mcu.externaltools.gnu-tools-for-stm32.13.3.rel1.win32_1.0.0.202411081344/tools/bin/../lib/gcc/arm-none-eabi/13.3.1/thumb/v7e-m+fp/hard\libgcc.a(_udivmoddi4.o)
                0x080001f8                __udivmoddi4
 .text          0x080004f0        0x4 D:/STM32CubeIDE_1.18.0/STM32CubeIDE/plugins/com.st.stm32cube.ide.mcu.externaltools.gnu-tools-for-stm32.13.3.rel1.win32_1.0.0.202411081344/tools/bin/../lib/gcc/arm-none-eabi/13.3.1/thumb/v7e-m+fp/hard\libgcc.a(_dvmd_tls.o)
                0x080004f0                __aeabi_idiv0
                0x080004f0                __aeabi_ldiv0
 *(.text*)
 .text.LIS3DSH_WriteIO
                0x080004f4       0x54 ./Core/Src/MY_LIS3DSH.o
                0x080004f4                LIS3DSH_WriteIO
 .text.LIS3DSH_ReadIO
                0x08000548       0x88 ./Core/Src/MY_LIS3DSH.o
                0x08000548                LIS3DSH_ReadIO
 .text.LIS3DSH_Init
                0x080005d0      0x1a0 ./Core/Src/MY_LIS3DSH.o
                0x080005d0                LIS3DSH_Init
 .text.LIS3DSH_GetDataRaw
                0x08000770       0x7a ./Core/Src/MY_LIS3DSH.o
                0x08000770                LIS3DSH_GetDataRaw
 *fill*         0x080007ea        0x2 
 .text.LIS3DSH_GetDataScaled
                0x080007ec      0x104 ./Core/Src/MY_LIS3DSH.o
                0x080007ec                LIS3DSH_GetDataScaled
 .text.LIS3DSH_X_calibrate
                0x080008f0       0x5c ./Core/Src/MY_LIS3DSH.o
                0x080008f0                LIS3DSH_X_calibrate
 .text.LIS3DSH_Y_calibrate
                0x0800094c       0x5c ./Core/Src/MY_LIS3DSH.o
                0x0800094c                LIS3DSH_Y_calibrate
 .text.LIS3DSH_Z_calibrate
                0x080009a8       0x5c ./Core/Src/MY_LIS3DSH.o
                0x080009a8                LIS3DSH_Z_calibrate
 .text.main     0x08000a04       0xb4 ./Core/Src/main.o
                0x08000a04                main
 .text.SystemClock_Config
                0x08000ab8       0xd4 ./Core/Src/main.o
                0x08000ab8                SystemClock_Config
 .text.MX_SPI1_Init
                0x08000b8c       0x6c ./Core/Src/main.o
 .text.MX_GPIO_Init
                0x08000bf8       0xa0 ./Core/Src/main.o
 .text.Error_Handler
                0x08000c98        0x8 ./Core/Src/main.o
                0x08000c98                Error_Handler
 .text.HAL_MspInit
                0x08000ca0       0x50 ./Core/Src/stm32f4xx_hal_msp.o
                0x08000ca0                HAL_MspInit
 .text.HAL_SPI_MspInit
                0x08000cf0       0x90 ./Core/Src/stm32f4xx_hal_msp.o
                0x08000cf0                HAL_SPI_MspInit
 .text.NMI_Handler
                0x08000d80        0x8 ./Core/Src/stm32f4xx_it.o
                0x08000d80                NMI_Handler
 .text.HardFault_Handler
                0x08000d88        0x8 ./Core/Src/stm32f4xx_it.o
                0x08000d88                HardFault_Handler
 .text.MemManage_Handler
                0x08000d90        0x8 ./Core/Src/stm32f4xx_it.o
                0x08000d90                MemManage_Handler
 .text.BusFault_Handler
                0x08000d98        0x8 ./Core/Src/stm32f4xx_it.o
                0x08000d98                BusFault_Handler
 .text.UsageFault_Handler
                0x08000da0        0x8 ./Core/Src/stm32f4xx_it.o
                0x08000da0                UsageFault_Handler
 .text.SVC_Handler
                0x08000da8        0xe ./Core/Src/stm32f4xx_it.o
                0x08000da8                SVC_Handler
 .text.DebugMon_Handler
                0x08000db6        0xe ./Core/Src/stm32f4xx_it.o
                0x08000db6                DebugMon_Handler
 .text.PendSV_Handler
                0x08000dc4        0xe ./Core/Src/stm32f4xx_it.o
                0x08000dc4                PendSV_Handler
 .text.SysTick_Handler
                0x08000dd2        0xc ./Core/Src/stm32f4xx_it.o
                0x08000dd2                SysTick_Handler
 *fill*         0x08000dde        0x2 
 .text.SystemInit
                0x08000de0       0x24 ./Core/Src/system_stm32f4xx.o
                0x08000de0                SystemInit
 .text.Reset_Handler
                0x08000e04       0x50 ./Core/Startup/startup_stm32f407vgtx.o
                0x08000e04                Reset_Handler
 .text.Default_Handler
                0x08000e54        0x2 ./Core/Startup/startup_stm32f407vgtx.o
                0x08000e54                RTC_Alarm_IRQHandler
                0x08000e54                HASH_RNG_IRQHandler
                0x08000e54                EXTI2_IRQHandler
                0x08000e54                TIM8_CC_IRQHandler
                0x08000e54                TIM1_CC_IRQHandler
                0x08000e54                DMA2_Stream5_IRQHandler
                0x08000e54                DMA1_Stream5_IRQHandler
                0x08000e54                PVD_IRQHandler
                0x08000e54                SDIO_IRQHandler
                0x08000e54                TAMP_STAMP_IRQHandler
                0x08000e54                CAN2_RX1_IRQHandler
                0x08000e54                EXTI3_IRQHandler
                0x08000e54                TIM8_TRG_COM_TIM14_IRQHandler
                0x08000e54                TIM1_UP_TIM10_IRQHandler
                0x08000e54                TIM8_UP_TIM13_IRQHandler
                0x08000e54                I2C3_ER_IRQHandler
                0x08000e54                EXTI0_IRQHandler
                0x08000e54                I2C2_EV_IRQHandler
                0x08000e54                DMA1_Stream2_IRQHandler
                0x08000e54                CAN1_RX0_IRQHandler
                0x08000e54                FPU_IRQHandler
                0x08000e54                OTG_HS_WKUP_IRQHandler
                0x08000e54                CAN2_SCE_IRQHandler
                0x08000e54                DMA2_Stream2_IRQHandler
                0x08000e54                SPI1_IRQHandler
                0x08000e54                TIM6_DAC_IRQHandler
                0x08000e54                TIM1_BRK_TIM9_IRQHandler
                0x08000e54                DCMI_IRQHandler
                0x08000e54                CAN2_RX0_IRQHandler
                0x08000e54                DMA2_Stream3_IRQHandler
                0x08000e54                USART6_IRQHandler
                0x08000e54                USART3_IRQHandler
                0x08000e54                CAN1_RX1_IRQHandler
                0x08000e54                UART5_IRQHandler
                0x08000e54                DMA2_Stream0_IRQHandler
                0x08000e54                TIM4_IRQHandler
                0x08000e54                I2C1_EV_IRQHandler
                0x08000e54                DMA1_Stream6_IRQHandler
                0x08000e54                DMA1_Stream1_IRQHandler
                0x08000e54                UART4_IRQHandler
                0x08000e54                TIM3_IRQHandler
                0x08000e54                RCC_IRQHandler
                0x08000e54                TIM8_BRK_TIM12_IRQHandler
                0x08000e54                Default_Handler
                0x08000e54                EXTI15_10_IRQHandler
                0x08000e54                ADC_IRQHandler
                0x08000e54                DMA1_Stream7_IRQHandler
                0x08000e54                TIM7_IRQHandler
                0x08000e54                CAN2_TX_IRQHandler
                0x08000e54                TIM5_IRQHandler
                0x08000e54                DMA2_Stream7_IRQHandler
                0x08000e54                I2C3_EV_IRQHandler
                0x08000e54                EXTI9_5_IRQHandler
                0x08000e54                RTC_WKUP_IRQHandler
                0x08000e54                ETH_WKUP_IRQHandler
                0x08000e54                SPI2_IRQHandler
                0x08000e54                OTG_HS_EP1_IN_IRQHandler
                0x08000e54                DMA1_Stream0_IRQHandler
                0x08000e54                CAN1_TX_IRQHandler
                0x08000e54                EXTI4_IRQHandler
                0x08000e54                FSMC_IRQHandler
                0x08000e54                ETH_IRQHandler
                0x08000e54                OTG_HS_EP1_OUT_IRQHandler
                0x08000e54                WWDG_IRQHandler
                0x08000e54                TIM2_IRQHandler
                0x08000e54                OTG_FS_WKUP_IRQHandler
                0x08000e54                TIM1_TRG_COM_TIM11_IRQHandler
                0x08000e54                OTG_HS_IRQHandler
                0x08000e54                EXTI1_IRQHandler
                0x08000e54                USART2_IRQHandler
                0x08000e54                I2C2_ER_IRQHandler
                0x08000e54                DMA2_Stream1_IRQHandler
                0x08000e54                CAN1_SCE_IRQHandler
                0x08000e54                FLASH_IRQHandler
                0x08000e54                DMA2_Stream4_IRQHandler
                0x08000e54                USART1_IRQHandler
                0x08000e54                OTG_FS_IRQHandler
                0x08000e54                SPI3_IRQHandler
                0x08000e54                DMA1_Stream4_IRQHandler
                0x08000e54                I2C1_ER_IRQHandler
                0x08000e54                DMA2_Stream6_IRQHandler
                0x08000e54                DMA1_Stream3_IRQHandler
 *fill*         0x08000e56        0x2 
 .text.HAL_Init
                0x08000e58       0x44 ./Drivers/STM32F4xx_HAL_Driver/Src/stm32f4xx_hal.o
                0x08000e58                HAL_Init
 .text.HAL_InitTick
                0x08000e9c       0x60 ./Drivers/STM32F4xx_HAL_Driver/Src/stm32f4xx_hal.o
                0x08000e9c                HAL_InitTick
 .text.HAL_IncTick
                0x08000efc       0x28 ./Drivers/STM32F4xx_HAL_Driver/Src/stm32f4xx_hal.o
                0x08000efc                HAL_IncTick
 .text.HAL_GetTick
                0x08000f24       0x18 ./Drivers/STM32F4xx_HAL_Driver/Src/stm32f4xx_hal.o
                0x08000f24                HAL_GetTick
 .text.__NVIC_SetPriorityGrouping
                0x08000f3c       0x48 ./Drivers/STM32F4xx_HAL_Driver/Src/stm32f4xx_hal_cortex.o
 .text.__NVIC_GetPriorityGrouping
                0x08000f84       0x1c ./Drivers/STM32F4xx_HAL_Driver/Src/stm32f4xx_hal_cortex.o
 .text.__NVIC_SetPriority
                0x08000fa0       0x54 ./Drivers/STM32F4xx_HAL_Driver/Src/stm32f4xx_hal_cortex.o
 .text.NVIC_EncodePriority
                0x08000ff4       0x66 ./Drivers/STM32F4xx_HAL_Driver/Src/stm32f4xx_hal_cortex.o
 *fill*         0x0800105a        0x2 
 .text.SysTick_Config
                0x0800105c       0x44 ./Drivers/STM32F4xx_HAL_Driver/Src/stm32f4xx_hal_cortex.o
 .text.HAL_NVIC_SetPriorityGrouping
                0x080010a0       0x16 ./Drivers/STM32F4xx_HAL_Driver/Src/stm32f4xx_hal_cortex.o
                0x080010a0                HAL_NVIC_SetPriorityGrouping
 .text.HAL_NVIC_SetPriority
                0x080010b6       0x38 ./Drivers/STM32F4xx_HAL_Driver/Src/stm32f4xx_hal_cortex.o
                0x080010b6                HAL_NVIC_SetPriority
 .text.HAL_SYSTICK_Config
                0x080010ee       0x18 ./Drivers/STM32F4xx_HAL_Driver/Src/stm32f4xx_hal_cortex.o
                0x080010ee                HAL_SYSTICK_Config
 *fill*         0x08001106        0x2 
 .text.HAL_GPIO_Init
                0x08001108      0x338 ./Drivers/STM32F4xx_HAL_Driver/Src/stm32f4xx_hal_gpio.o
                0x08001108                HAL_GPIO_Init
 .text.HAL_GPIO_WritePin
                0x08001440       0x32 ./Drivers/STM32F4xx_HAL_Driver/Src/stm32f4xx_hal_gpio.o
                0x08001440                HAL_GPIO_WritePin
 .text.HAL_GPIO_TogglePin
                0x08001472       0x34 ./Drivers/STM32F4xx_HAL_Driver/Src/stm32f4xx_hal_gpio.o
                0x08001472                HAL_GPIO_TogglePin
 *fill*         0x080014a6        0x2 
 .text.HAL_RCC_OscConfig
                0x080014a8      0x4f0 ./Drivers/STM32F4xx_HAL_Driver/Src/stm32f4xx_hal_rcc.o
                0x080014a8                HAL_RCC_OscConfig
 .text.HAL_RCC_ClockConfig
                0x08001998      0x1cc ./Drivers/STM32F4xx_HAL_Driver/Src/stm32f4xx_hal_rcc.o
                0x08001998                HAL_RCC_ClockConfig
 .text.HAL_RCC_GetSysClockFreq
                0x08001b64      0x20c ./Drivers/STM32F4xx_HAL_Driver/Src/stm32f4xx_hal_rcc.o
                0x08001b64                HAL_RCC_GetSysClockFreq
 .text.HAL_SPI_Init
                0x08001d70      0x112 ./Drivers/STM32F4xx_HAL_Driver/Src/stm32f4xx_hal_spi.o
                0x08001d70                HAL_SPI_Init
 .text.HAL_SPI_Transmit
                0x08001e82      0x288 ./Drivers/STM32F4xx_HAL_Driver/Src/stm32f4xx_hal_spi.o
                0x08001e82                HAL_SPI_Transmit
 .text.HAL_SPI_Receive
                0x0800210a      0x232 ./Drivers/STM32F4xx_HAL_Driver/Src/stm32f4xx_hal_spi.o
                0x0800210a                HAL_SPI_Receive
 .text.HAL_SPI_TransmitReceive
                0x0800233c      0x352 ./Drivers/STM32F4xx_HAL_Driver/Src/stm32f4xx_hal_spi.o
                0x0800233c                HAL_SPI_TransmitReceive
 *fill*         0x0800268e        0x2 
 .text.SPI_WaitFlagStateUntilTimeout
                0x08002690      0x110 ./Drivers/STM32F4xx_HAL_Driver/Src/stm32f4xx_hal_spi.o
 .text.SPI_EndRxTransaction
                0x080027a0       0xca ./Drivers/STM32F4xx_HAL_Driver/Src/stm32f4xx_hal_spi.o
 *fill*         0x0800286a        0x2 
 .text.SPI_EndRxTxTransaction
                0x0800286c       0xa8 ./Drivers/STM32F4xx_HAL_Driver/Src/stm32f4xx_hal_spi.o
 .text.memset   0x08002914       0x10 D:/STM32CubeIDE_1.18.0/STM32CubeIDE/plugins/com.st.stm32cube.ide.mcu.externaltools.gnu-tools-for-stm32.13.3.rel1.win32_1.0.0.202411081344/tools/bin/../lib/gcc/arm-none-eabi/13.3.1/../../../../arm-none-eabi/lib/thumb/v7e-m+fp/hard\libc_nano.a(libc_a-memset.o)
                0x08002914                memset
 .text.__libc_init_array
                0x08002924       0x48 D:/STM32CubeIDE_1.18.0/STM32CubeIDE/plugins/com.st.stm32cube.ide.mcu.externaltools.gnu-tools-for-stm32.13.3.rel1.win32_1.0.0.202411081344/tools/bin/../lib/gcc/arm-none-eabi/13.3.1/../../../../arm-none-eabi/lib/thumb/v7e-m+fp/hard\libc_nano.a(libc_a-init.o)
                0x08002924                __libc_init_array
 .text.memcpy   0x0800296c       0x1c D:/STM32CubeIDE_1.18.0/STM32CubeIDE/plugins/com.st.stm32cube.ide.mcu.externaltools.gnu-tools-for-stm32.13.3.rel1.win32_1.0.0.202411081344/tools/bin/../lib/gcc/arm-none-eabi/13.3.1/../../../../arm-none-eabi/lib/thumb/v7e-m+fp/hard\libc_nano.a(libc_a-memcpy-stub.o)
                0x0800296c                memcpy
 *(.glue_7)
 .glue_7        0x08002988        0x0 linker stubs
 *(.glue_7t)
 .glue_7t       0x08002988        0x0 linker stubs
 *(.eh_frame)
 .eh_frame      0x08002988        0x0 D:/STM32CubeIDE_1.18.0/STM32CubeIDE/plugins/com.st.stm32cube.ide.mcu.externaltools.gnu-tools-for-stm32.13.3.rel1.win32_1.0.0.202411081344/tools/bin/../lib/gcc/arm-none-eabi/13.3.1/thumb/v7e-m+fp/hard/crtbegin.o
 *(.init)
 .init          0x08002988        0x4 D:/STM32CubeIDE_1.18.0/STM32CubeIDE/plugins/com.st.stm32cube.ide.mcu.externaltools.gnu-tools-for-stm32.13.3.rel1.win32_1.0.0.202411081344/tools/bin/../lib/gcc/arm-none-eabi/13.3.1/thumb/v7e-m+fp/hard/crti.o
                0x08002988                _init
 .init          0x0800298c        0x8 D:/STM32CubeIDE_1.18.0/STM32CubeIDE/plugins/com.st.stm32cube.ide.mcu.externaltools.gnu-tools-for-stm32.13.3.rel1.win32_1.0.0.202411081344/tools/bin/../lib/gcc/arm-none-eabi/13.3.1/thumb/v7e-m+fp/hard/crtn.o
 *(.fini)
 .fini          0x08002994        0x4 D:/STM32CubeIDE_1.18.0/STM32CubeIDE/plugins/com.st.stm32cube.ide.mcu.externaltools.gnu-tools-for-stm32.13.3.rel1.win32_1.0.0.202411081344/tools/bin/../lib/gcc/arm-none-eabi/13.3.1/thumb/v7e-m+fp/hard/crti.o
                0x08002994                _fini
 .fini          0x08002998        0x8 D:/STM32CubeIDE_1.18.0/STM32CubeIDE/plugins/com.st.stm32cube.ide.mcu.externaltools.gnu-tools-for-stm32.13.3.rel1.win32_1.0.0.202411081344/tools/bin/../lib/gcc/arm-none-eabi/13.3.1/thumb/v7e-m+fp/hard/crtn.o
                0x080029a0                        . = ALIGN (0x4)
                0x080029a0                        _etext = .

.vfp11_veneer   0x080029a0        0x0
 .vfp11_veneer  0x080029a0        0x0 linker stubs

.v4_bx          0x080029a0        0x0
 .v4_bx         0x080029a0        0x0 linker stubs

.iplt           0x080029a0        0x0
 .iplt          0x080029a0        0x0 D:/STM32CubeIDE_1.18.0/STM32CubeIDE/plugins/com.st.stm32cube.ide.mcu.externaltools.gnu-tools-for-stm32.13.3.rel1.win32_1.0.0.202411081344/tools/bin/../lib/gcc/arm-none-eabi/13.3.1/thumb/v7e-m+fp/hard/crtbegin.o

.rodata         0x080029a0       0x10
                0x080029a0                        . = ALIGN (0x4)
 *(.rodata)
 *(.rodata*)
 .rodata.AHBPrescTable
                0x080029a0       0x10 ./Core/Src/system_stm32f4xx.o
                0x080029a0                AHBPrescTable
                0x080029b0                        . = ALIGN (0x4)

.ARM.extab      0x080029b0        0x0
                0x080029b0                        . = ALIGN (0x4)
 *(.ARM.extab* .gnu.linkonce.armextab.*)
                0x080029b0                        . = ALIGN (0x4)

.ARM            0x080029b0        0x8
                0x080029b0                        . = ALIGN (0x4)
                0x080029b0                        __exidx_start = .
 *(.ARM.exidx*)
 .ARM.exidx     0x080029b0        0x8 D:/STM32CubeIDE_1.18.0/STM32CubeIDE/plugins/com.st.stm32cube.ide.mcu.externaltools.gnu-tools-for-stm32.13.3.rel1.win32_1.0.0.202411081344/tools/bin/../lib/gcc/arm-none-eabi/13.3.1/thumb/v7e-m+fp/hard\libgcc.a(_udivmoddi4.o)
                0x080029b8                        __exidx_end = .
                0x080029b8                        . = ALIGN (0x4)

.preinit_array  0x080029b8        0x0
                0x080029b8                        . = ALIGN (0x4)
                0x080029b8                        PROVIDE (__preinit_array_start = .)
 *(.preinit_array*)
                0x080029b8                        PROVIDE (__preinit_array_end = .)
                0x080029b8                        . = ALIGN (0x4)

.init_array     0x080029b8        0x4
                0x080029b8                        . = ALIGN (0x4)
                0x080029b8                        PROVIDE (__init_array_start = .)
 *(SORT_BY_NAME(.init_array.*))
 *(.init_array*)
 .init_array    0x080029b8        0x4 D:/STM32CubeIDE_1.18.0/STM32CubeIDE/plugins/com.st.stm32cube.ide.mcu.externaltools.gnu-tools-for-stm32.13.3.rel1.win32_1.0.0.202411081344/tools/bin/../lib/gcc/arm-none-eabi/13.3.1/thumb/v7e-m+fp/hard/crtbegin.o
                0x080029bc                        PROVIDE (__init_array_end = .)
                0x080029bc                        . = ALIGN (0x4)

.fini_array     0x080029bc        0x4
                0x080029bc                        . = ALIGN (0x4)
                [!provide]                        PROVIDE (__fini_array_start = .)
 *(SORT_BY_NAME(.fini_array.*))
 *(.fini_array*)
 .fini_array    0x080029bc        0x4 D:/STM32CubeIDE_1.18.0/STM32CubeIDE/plugins/com.st.stm32cube.ide.mcu.externaltools.gnu-tools-for-stm32.13.3.rel1.win32_1.0.0.202411081344/tools/bin/../lib/gcc/arm-none-eabi/13.3.1/thumb/v7e-m+fp/hard/crtbegin.o
                [!provide]                        PROVIDE (__fini_array_end = .)
                0x080029c0                        . = ALIGN (0x4)
                0x080029c0                        _sidata = LOADADDR (.data)

.rel.dyn        0x080029c0        0x0
 .rel.iplt      0x080029c0        0x0 D:/STM32CubeIDE_1.18.0/STM32CubeIDE/plugins/com.st.stm32cube.ide.mcu.externaltools.gnu-tools-for-stm32.13.3.rel1.win32_1.0.0.202411081344/tools/bin/../lib/gcc/arm-none-eabi/13.3.1/thumb/v7e-m+fp/hard/crtbegin.o

.data           0x20000000       0x1c load address 0x080029c0
                0x20000000                        . = ALIGN (0x4)
                0x20000000                        _sdata = .
 *(.data)
 *(.data*)
 .data.lis3dsh_Sensitivity
                0x20000000        0x4 ./Core/Src/MY_LIS3DSH.o
 .data.__X_Scale
                0x20000004        0x4 ./Core/Src/MY_LIS3DSH.o
 .data.__Y_Scale
                0x20000008        0x4 ./Core/Src/MY_LIS3DSH.o
 .data.__Z_Scale
                0x2000000c        0x4 ./Core/Src/MY_LIS3DSH.o
 .data.SystemCoreClock
                0x20000010        0x4 ./Core/Src/system_stm32f4xx.o
                0x20000010                SystemCoreClock
 .data.uwTickPrio
                0x20000014        0x4 ./Drivers/STM32F4xx_HAL_Driver/Src/stm32f4xx_hal.o
                0x20000014                uwTickPrio
 .data.uwTickFreq
                0x20000018        0x1 ./Drivers/STM32F4xx_HAL_Driver/Src/stm32f4xx_hal.o
                0x20000018                uwTickFreq
 *(.RamFunc)
 *(.RamFunc*)
                0x2000001c                        . = ALIGN (0x4)
 *fill*         0x20000019        0x3 
                0x2000001c                        _edata = .
                0x080029dc                        _siccmram = LOADADDR (.ccmram)

.igot.plt       0x2000001c        0x0 load address 0x080029dc
 .igot.plt      0x2000001c        0x0 D:/STM32CubeIDE_1.18.0/STM32CubeIDE/plugins/com.st.stm32cube.ide.mcu.externaltools.gnu-tools-for-stm32.13.3.rel1.win32_1.0.0.202411081344/tools/bin/../lib/gcc/arm-none-eabi/13.3.1/thumb/v7e-m+fp/hard/crtbegin.o

.ccmram         0x10000000        0x0 load address 0x080029dc
                0x10000000                        . = ALIGN (0x4)
                0x10000000                        _sccmram = .
 *(.ccmram)
 *(.ccmram*)
                0x10000000                        . = ALIGN (0x4)
                0x10000000                        _eccmram = .
                0x10000000                        . = ALIGN (0x4)

.bss            0x2000001c       0xec
                0x2000001c                        _sbss = .
                0x2000001c                        __bss_start__ = _sbss
 *(.bss)
 .bss           0x2000001c       0x1c D:/STM32CubeIDE_1.18.0/STM32CubeIDE/plugins/com.st.stm32cube.ide.mcu.externaltools.gnu-tools-for-stm32.13.3.rel1.win32_1.0.0.202411081344/tools/bin/../lib/gcc/arm-none-eabi/13.3.1/thumb/v7e-m+fp/hard/crtbegin.o
 *(.bss*)
 .bss.accSPI_Handle
                0x20000038       0x58 ./Core/Src/MY_LIS3DSH.o
 .bss.__X_Bias  0x20000090        0x4 ./Core/Src/MY_LIS3DSH.o
 .bss.__Y_Bias  0x20000094        0x4 ./Core/Src/MY_LIS3DSH.o
 .bss.__Z_Bias  0x20000098        0x4 ./Core/Src/MY_LIS3DSH.o
 .bss.hspi1     0x2000009c       0x58 ./Core/Src/main.o
                0x2000009c                hspi1
 .bss.myData    0x200000f4        0xc ./Core/Src/main.o
                0x200000f4                myData
 .bss.drdyFlag  0x20000100        0x1 ./Core/Src/main.o
                0x20000100                drdyFlag
 *fill*         0x20000101        0x3 
 .bss.uwTick    0x20000104        0x4 ./Drivers/STM32F4xx_HAL_Driver/Src/stm32f4xx_hal.o
                0x20000104                uwTick
 *(COMMON)
                0x20000108                        . = ALIGN (0x4)
                0x20000108                        _ebss = .
                0x20000108                        __bss_end__ = _ebss

._user_heap_stack
                0x20000108      0x600
                0x20000108                        . = ALIGN (0x8)
                [!provide]                        PROVIDE (end = .)
                0x20000108                        PROVIDE (_end = .)
                0x20000308                        . = (. + _Min_Heap_Size)
 *fill*         0x20000108      0x200 
                0x20000708                        . = (. + _Min_Stack_Size)
 *fill*         0x20000308      0x400 
                0x20000708                        . = ALIGN (0x8)

/DISCARD/
 libc.a(*)
 libm.a(*)
 libgcc.a(*)

.ARM.attributes
                0x00000000       0x30
 *(.ARM.attributes)
 .ARM.attributes
                0x00000000       0x22 D:/STM32CubeIDE_1.18.0/STM32CubeIDE/plugins/com.st.stm32cube.ide.mcu.externaltools.gnu-tools-for-stm32.13.3.rel1.win32_1.0.0.202411081344/tools/bin/../lib/gcc/arm-none-eabi/13.3.1/thumb/v7e-m+fp/hard/crti.o
 .ARM.attributes
                0x00000022       0x34 D:/STM32CubeIDE_1.18.0/STM32CubeIDE/plugins/com.st.stm32cube.ide.mcu.externaltools.gnu-tools-for-stm32.13.3.rel1.win32_1.0.0.202411081344/tools/bin/../lib/gcc/arm-none-eabi/13.3.1/thumb/v7e-m+fp/hard/crtbegin.o
 .ARM.attributes
                0x00000056       0x34 ./Core/Src/MY_LIS3DSH.o
 .ARM.attributes
                0x0000008a       0x34 ./Core/Src/main.o
 .ARM.attributes
                0x000000be       0x34 ./Core/Src/stm32f4xx_hal_msp.o
 .ARM.attributes
                0x000000f2       0x34 ./Core/Src/stm32f4xx_it.o
 .ARM.attributes
                0x00000126       0x34 ./Core/Src/system_stm32f4xx.o
 .ARM.attributes
                0x0000015a       0x21 ./Core/Startup/startup_stm32f407vgtx.o
 .ARM.attributes
                0x0000017b       0x34 ./Drivers/STM32F4xx_HAL_Driver/Src/stm32f4xx_hal.o
 .ARM.attributes
                0x000001af       0x34 ./Drivers/STM32F4xx_HAL_Driver/Src/stm32f4xx_hal_cortex.o
 .ARM.attributes
                0x000001e3       0x34 ./Drivers/STM32F4xx_HAL_Driver/Src/stm32f4xx_hal_gpio.o
 .ARM.attributes
                0x00000217       0x34 ./Drivers/STM32F4xx_HAL_Driver/Src/stm32f4xx_hal_rcc.o
 .ARM.attributes
                0x0000024b       0x34 ./Drivers/STM32F4xx_HAL_Driver/Src/stm32f4xx_hal_spi.o
 .ARM.attributes
                0x0000027f       0x34 D:/STM32CubeIDE_1.18.0/STM32CubeIDE/plugins/com.st.stm32cube.ide.mcu.externaltools.gnu-tools-for-stm32.13.3.rel1.win32_1.0.0.202411081344/tools/bin/../lib/gcc/arm-none-eabi/13.3.1/../../../../arm-none-eabi/lib/thumb/v7e-m+fp/hard\libc_nano.a(libc_a-memset.o)
 .ARM.attributes
                0x000002b3       0x34 D:/STM32CubeIDE_1.18.0/STM32CubeIDE/plugins/com.st.stm32cube.ide.mcu.externaltools.gnu-tools-for-stm32.13.3.rel1.win32_1.0.0.202411081344/tools/bin/../lib/gcc/arm-none-eabi/13.3.1/../../../../arm-none-eabi/lib/thumb/v7e-m+fp/hard\libc_nano.a(libc_a-init.o)
 .ARM.attributes
                0x000002e7       0x34 D:/STM32CubeIDE_1.18.0/STM32CubeIDE/plugins/com.st.stm32cube.ide.mcu.externaltools.gnu-tools-for-stm32.13.3.rel1.win32_1.0.0.202411081344/tools/bin/../lib/gcc/arm-none-eabi/13.3.1/../../../../arm-none-eabi/lib/thumb/v7e-m+fp/hard\libc_nano.a(libc_a-memcpy-stub.o)
 .ARM.attributes
                0x0000031b       0x22 D:/STM32CubeIDE_1.18.0/STM32CubeIDE/plugins/com.st.stm32cube.ide.mcu.externaltools.gnu-tools-for-stm32.13.3.rel1.win32_1.0.0.202411081344/tools/bin/../lib/gcc/arm-none-eabi/13.3.1/thumb/v7e-m+fp/hard\libgcc.a(_aeabi_uldivmod.o)
 .ARM.attributes
                0x0000033d       0x34 D:/STM32CubeIDE_1.18.0/STM32CubeIDE/plugins/com.st.stm32cube.ide.mcu.externaltools.gnu-tools-for-stm32.13.3.rel1.win32_1.0.0.202411081344/tools/bin/../lib/gcc/arm-none-eabi/13.3.1/thumb/v7e-m+fp/hard\libgcc.a(_udivmoddi4.o)
 .ARM.attributes
                0x00000371       0x22 D:/STM32CubeIDE_1.18.0/STM32CubeIDE/plugins/com.st.stm32cube.ide.mcu.externaltools.gnu-tools-for-stm32.13.3.rel1.win32_1.0.0.202411081344/tools/bin/../lib/gcc/arm-none-eabi/13.3.1/thumb/v7e-m+fp/hard\libgcc.a(_dvmd_tls.o)
 .ARM.attributes
                0x00000393       0x22 D:/STM32CubeIDE_1.18.0/STM32CubeIDE/plugins/com.st.stm32cube.ide.mcu.externaltools.gnu-tools-for-stm32.13.3.rel1.win32_1.0.0.202411081344/tools/bin/../lib/gcc/arm-none-eabi/13.3.1/thumb/v7e-m+fp/hard/crtn.o
OUTPUT(mpu_test.elf elf32-littlearm)
LOAD linker stubs
LOAD D:/STM32CubeIDE_1.18.0/STM32CubeIDE/plugins/com.st.stm32cube.ide.mcu.externaltools.gnu-tools-for-stm32.13.3.rel1.win32_1.0.0.202411081344/tools/bin/../lib/gcc/arm-none-eabi/13.3.1/../../../../arm-none-eabi/lib/thumb/v7e-m+fp/hard\libc.a
LOAD D:/STM32CubeIDE_1.18.0/STM32CubeIDE/plugins/com.st.stm32cube.ide.mcu.externaltools.gnu-tools-for-stm32.13.3.rel1.win32_1.0.0.202411081344/tools/bin/../lib/gcc/arm-none-eabi/13.3.1/../../../../arm-none-eabi/lib/thumb/v7e-m+fp/hard\libm.a
LOAD D:/STM32CubeIDE_1.18.0/STM32CubeIDE/plugins/com.st.stm32cube.ide.mcu.externaltools.gnu-tools-for-stm32.13.3.rel1.win32_1.0.0.202411081344/tools/bin/../lib/gcc/arm-none-eabi/13.3.1/thumb/v7e-m+fp/hard\libgcc.a

.debug_info     0x00000000     0x62d4
 .debug_info    0x00000000      0xb01 ./Core/Src/MY_LIS3DSH.o
 .debug_info    0x00000b01      0xceb ./Core/Src/main.o
 .debug_info    0x000017ec      0x919 ./Core/Src/stm32f4xx_hal_msp.o
 .debug_info    0x00002105      0x112 ./Core/Src/stm32f4xx_it.o
 .debug_info    0x00002217      0x512 ./Core/Src/system_stm32f4xx.o
 .debug_info    0x00002729       0x30 ./Core/Startup/startup_stm32f407vgtx.o
 .debug_info    0x00002759      0x944 ./Drivers/STM32F4xx_HAL_Driver/Src/stm32f4xx_hal.o
 .debug_info    0x0000309d      0xd8c ./Drivers/STM32F4xx_HAL_Driver/Src/stm32f4xx_hal_cortex.o
 .debug_info    0x00003e29      0x6c3 ./Drivers/STM32F4xx_HAL_Driver/Src/stm32f4xx_hal_gpio.o
 .debug_info    0x000044ec      0x8c3 ./Drivers/STM32F4xx_HAL_Driver/Src/stm32f4xx_hal_rcc.o
 .debug_info    0x00004daf     0x1525 ./Drivers/STM32F4xx_HAL_Driver/Src/stm32f4xx_hal_spi.o

.debug_abbrev   0x00000000     0x1412
 .debug_abbrev  0x00000000      0x247 ./Core/Src/MY_LIS3DSH.o
 .debug_abbrev  0x00000247      0x236 ./Core/Src/main.o
 .debug_abbrev  0x0000047d      0x1ae ./Core/Src/stm32f4xx_hal_msp.o
 .debug_abbrev  0x0000062b       0x73 ./Core/Src/stm32f4xx_it.o
 .debug_abbrev  0x0000069e      0x11a ./Core/Src/system_stm32f4xx.o
 .debug_abbrev  0x000007b8       0x24 ./Core/Startup/startup_stm32f407vgtx.o
 .debug_abbrev  0x000007dc      0x214 ./Drivers/STM32F4xx_HAL_Driver/Src/stm32f4xx_hal.o
 .debug_abbrev  0x000009f0      0x31d ./Drivers/STM32F4xx_HAL_Driver/Src/stm32f4xx_hal_cortex.o
 .debug_abbrev  0x00000d0d      0x1d4 ./Drivers/STM32F4xx_HAL_Driver/Src/stm32f4xx_hal_gpio.o
 .debug_abbrev  0x00000ee1      0x2b7 ./Drivers/STM32F4xx_HAL_Driver/Src/stm32f4xx_hal_rcc.o
 .debug_abbrev  0x00001198      0x27a ./Drivers/STM32F4xx_HAL_Driver/Src/stm32f4xx_hal_spi.o

.debug_aranges  0x00000000      0x658
 .debug_aranges
                0x00000000       0x60 ./Core/Src/MY_LIS3DSH.o
 .debug_aranges
                0x00000060       0x48 ./Core/Src/main.o
 .debug_aranges
                0x000000a8       0x30 ./Core/Src/stm32f4xx_hal_msp.o
 .debug_aranges
                0x000000d8       0x60 ./Core/Src/stm32f4xx_it.o
 .debug_aranges
                0x00000138       0x28 ./Core/Src/system_stm32f4xx.o
 .debug_aranges
                0x00000160       0x28 ./Core/Startup/startup_stm32f407vgtx.o
 .debug_aranges
                0x00000188       0xf0 ./Drivers/STM32F4xx_HAL_Driver/Src/stm32f4xx_hal.o
 .debug_aranges
                0x00000278      0x130 ./Drivers/STM32F4xx_HAL_Driver/Src/stm32f4xx_hal_cortex.o
 .debug_aranges
                0x000003a8       0x58 ./Drivers/STM32F4xx_HAL_Driver/Src/stm32f4xx_hal_gpio.o
 .debug_aranges
                0x00000400       0x88 ./Drivers/STM32F4xx_HAL_Driver/Src/stm32f4xx_hal_rcc.o
 .debug_aranges
                0x00000488      0x1d0 ./Drivers/STM32F4xx_HAL_Driver/Src/stm32f4xx_hal_spi.o

.debug_rnglists
                0x00000000      0x4b3
 .debug_rnglists
                0x00000000       0x46 ./Core/Src/MY_LIS3DSH.o
 .debug_rnglists
                0x00000046       0x34 ./Core/Src/main.o
 .debug_rnglists
                0x0000007a       0x20 ./Core/Src/stm32f4xx_hal_msp.o
 .debug_rnglists
                0x0000009a       0x43 ./Core/Src/stm32f4xx_it.o
 .debug_rnglists
                0x000000dd       0x1a ./Core/Src/system_stm32f4xx.o
 .debug_rnglists
                0x000000f7       0x19 ./Core/Startup/startup_stm32f407vgtx.o
 .debug_rnglists
                0x00000110       0xaf ./Drivers/STM32F4xx_HAL_Driver/Src/stm32f4xx_hal.o
 .debug_rnglists
                0x000001bf       0xe0 ./Drivers/STM32F4xx_HAL_Driver/Src/stm32f4xx_hal_cortex.o
 .debug_rnglists
                0x0000029f       0x3f ./Drivers/STM32F4xx_HAL_Driver/Src/stm32f4xx_hal_gpio.o
 .debug_rnglists
                0x000002de       0x66 ./Drivers/STM32F4xx_HAL_Driver/Src/stm32f4xx_hal_rcc.o
 .debug_rnglists
                0x00000344      0x16f ./Drivers/STM32F4xx_HAL_Driver/Src/stm32f4xx_hal_spi.o

.debug_macro    0x00000000    0x1ff27
 .debug_macro   0x00000000      0x2a6 ./Core/Src/MY_LIS3DSH.o
 .debug_macro   0x000002a6      0xad8 ./Core/Src/MY_LIS3DSH.o
 .debug_macro   0x00000d7e      0x295 ./Core/Src/MY_LIS3DSH.o
 .debug_macro   0x00001013       0x2e ./Core/Src/MY_LIS3DSH.o
 .debug_macro   0x00001041       0x2f ./Core/Src/MY_LIS3DSH.o
 .debug_macro   0x00001070       0x22 ./Core/Src/MY_LIS3DSH.o
 .debug_macro   0x00001092       0x8e ./Core/Src/MY_LIS3DSH.o
 .debug_macro   0x00001120       0x51 ./Core/Src/MY_LIS3DSH.o
 .debug_macro   0x00001171      0x103 ./Core/Src/MY_LIS3DSH.o
 .debug_macro   0x00001274       0x6a ./Core/Src/MY_LIS3DSH.o
 .debug_macro   0x000012de      0x1df ./Core/Src/MY_LIS3DSH.o
 .debug_macro   0x000014bd       0x1c ./Core/Src/MY_LIS3DSH.o
 .debug_macro   0x000014d9       0x22 ./Core/Src/MY_LIS3DSH.o
 .debug_macro   0x000014fb       0xfb ./Core/Src/MY_LIS3DSH.o
 .debug_macro   0x000015f6     0x1011 ./Core/Src/MY_LIS3DSH.o
 .debug_macro   0x00002607      0x11f ./Core/Src/MY_LIS3DSH.o
 .debug_macro   0x00002726    0x15ea5 ./Core/Src/MY_LIS3DSH.o
 .debug_macro   0x000185cb       0x6d ./Core/Src/MY_LIS3DSH.o
 .debug_macro   0x00018638     0x3693 ./Core/Src/MY_LIS3DSH.o
 .debug_macro   0x0001bccb      0x190 ./Core/Src/MY_LIS3DSH.o
 .debug_macro   0x0001be5b       0x5c ./Core/Src/MY_LIS3DSH.o
 .debug_macro   0x0001beb7      0x980 ./Core/Src/MY_LIS3DSH.o
 .debug_macro   0x0001c837      0x9e9 ./Core/Src/MY_LIS3DSH.o
 .debug_macro   0x0001d220      0x115 ./Core/Src/MY_LIS3DSH.o
 .debug_macro   0x0001d335      0x13e ./Core/Src/MY_LIS3DSH.o
 .debug_macro   0x0001d473       0xa5 ./Core/Src/MY_LIS3DSH.o
 .debug_macro   0x0001d518      0x174 ./Core/Src/MY_LIS3DSH.o
 .debug_macro   0x0001d68c      0x287 ./Core/Src/MY_LIS3DSH.o
 .debug_macro   0x0001d913       0x5f ./Core/Src/MY_LIS3DSH.o
 .debug_macro   0x0001d972      0x236 ./Core/Src/MY_LIS3DSH.o
 .debug_macro   0x0001dba8      0x12c ./Core/Src/MY_LIS3DSH.o
 .debug_macro   0x0001dcd4      0x21e ./Core/Src/MY_LIS3DSH.o
 .debug_macro   0x0001def2       0x2e ./Core/Src/MY_LIS3DSH.o
 .debug_macro   0x0001df20      0x127 ./Core/Src/MY_LIS3DSH.o
 .debug_macro   0x0001e047       0x7e ./Core/Src/MY_LIS3DSH.o
 .debug_macro   0x0001e0c5       0x89 ./Core/Src/MY_LIS3DSH.o
 .debug_macro   0x0001e14e      0x225 ./Core/Src/MY_LIS3DSH.o
 .debug_macro   0x0001e373      0x12d ./Core/Src/MY_LIS3DSH.o
 .debug_macro   0x0001e4a0       0x22 ./Core/Src/MY_LIS3DSH.o
 .debug_macro   0x0001e4c2       0x61 ./Core/Src/MY_LIS3DSH.o
 .debug_macro   0x0001e523       0x2a ./Core/Src/MY_LIS3DSH.o
 .debug_macro   0x0001e54d       0x43 ./Core/Src/MY_LIS3DSH.o
 .debug_macro   0x0001e590       0x34 ./Core/Src/MY_LIS3DSH.o
 .debug_macro   0x0001e5c4      0x370 ./Core/Src/MY_LIS3DSH.o
 .debug_macro   0x0001e934       0x16 ./Core/Src/MY_LIS3DSH.o
 .debug_macro   0x0001e94a       0x4a ./Core/Src/MY_LIS3DSH.o
 .debug_macro   0x0001e994       0x34 ./Core/Src/MY_LIS3DSH.o
 .debug_macro   0x0001e9c8       0x10 ./Core/Src/MY_LIS3DSH.o
 .debug_macro   0x0001e9d8       0x58 ./Core/Src/MY_LIS3DSH.o
 .debug_macro   0x0001ea30       0x8e ./Core/Src/MY_LIS3DSH.o
 .debug_macro   0x0001eabe       0x1c ./Core/Src/MY_LIS3DSH.o
 .debug_macro   0x0001eada      0x185 ./Core/Src/MY_LIS3DSH.o
 .debug_macro   0x0001ec5f       0x10 ./Core/Src/MY_LIS3DSH.o
 .debug_macro   0x0001ec6f       0x3c ./Core/Src/MY_LIS3DSH.o
 .debug_macro   0x0001ecab       0x20 ./Core/Src/MY_LIS3DSH.o
 .debug_macro   0x0001eccb      0x112 ./Core/Src/MY_LIS3DSH.o
 .debug_macro   0x0001eddd      0x2a9 ./Core/Src/main.o
 .debug_macro   0x0001f086       0x10 ./Core/Src/main.o
 .debug_macro   0x0001f096      0x1c9 ./Core/Src/stm32f4xx_hal_msp.o
 .debug_macro   0x0001f25f      0x1d3 ./Core/Src/stm32f4xx_it.o
 .debug_macro   0x0001f432      0x1ba ./Core/Src/system_stm32f4xx.o
 .debug_macro   0x0001f5ec      0x21a ./Drivers/STM32F4xx_HAL_Driver/Src/stm32f4xx_hal.o
 .debug_macro   0x0001f806      0x1ba ./Drivers/STM32F4xx_HAL_Driver/Src/stm32f4xx_hal_cortex.o
 .debug_macro   0x0001f9c0      0x1c0 ./Drivers/STM32F4xx_HAL_Driver/Src/stm32f4xx_hal_gpio.o
 .debug_macro   0x0001fb80      0x1de ./Drivers/STM32F4xx_HAL_Driver/Src/stm32f4xx_hal_rcc.o
 .debug_macro   0x0001fd5e      0x1c9 ./Drivers/STM32F4xx_HAL_Driver/Src/stm32f4xx_hal_spi.o

.debug_line     0x00000000     0x77fa
 .debug_line    0x00000000      0xa9e ./Core/Src/MY_LIS3DSH.o
 .debug_line    0x00000a9e      0x9a4 ./Core/Src/main.o
 .debug_line    0x00001442      0x755 ./Core/Src/stm32f4xx_hal_msp.o
 .debug_line    0x00001b97      0x7b7 ./Core/Src/stm32f4xx_it.o
 .debug_line    0x0000234e      0x77e ./Core/Src/system_stm32f4xx.o
 .debug_line    0x00002acc       0x7a ./Core/Startup/startup_stm32f407vgtx.o
 .debug_line    0x00002b46      0x9fa ./Drivers/STM32F4xx_HAL_Driver/Src/stm32f4xx_hal.o
 .debug_line    0x00003540      0xcca ./Drivers/STM32F4xx_HAL_Driver/Src/stm32f4xx_hal_cortex.o
 .debug_line    0x0000420a      0xb52 ./Drivers/STM32F4xx_HAL_Driver/Src/stm32f4xx_hal_gpio.o
 .debug_line    0x00004d5c      0xe09 ./Drivers/STM32F4xx_HAL_Driver/Src/stm32f4xx_hal_rcc.o
 .debug_line    0x00005b65     0x1c95 ./Drivers/STM32F4xx_HAL_Driver/Src/stm32f4xx_hal_spi.o

.debug_str      0x00000000    0xc1e4e
 .debug_str     0x00000000    0xc1e4e ./Core/Src/MY_LIS3DSH.o
                              0xc046c (size before relaxing)
 .debug_str     0x000c1e4e    0xc05a5 ./Core/Src/main.o
 .debug_str     0x000c1e4e    0xbcadd ./Core/Src/stm32f4xx_hal_msp.o
 .debug_str     0x000c1e4e    0xbc568 ./Core/Src/stm32f4xx_it.o
 .debug_str     0x000c1e4e    0xbc663 ./Core/Src/system_stm32f4xx.o
 .debug_str     0x000c1e4e       0x91 ./Core/Startup/startup_stm32f407vgtx.o
 .debug_str     0x000c1e4e    0xbd1e7 ./Drivers/STM32F4xx_HAL_Driver/Src/stm32f4xx_hal.o
 .debug_str     0x000c1e4e    0xbcf63 ./Drivers/STM32F4xx_HAL_Driver/Src/stm32f4xx_hal_cortex.o
 .debug_str     0x000c1e4e    0xbc7de ./Drivers/STM32F4xx_HAL_Driver/Src/stm32f4xx_hal_gpio.o
 .debug_str     0x000c1e4e    0xbca97 ./Drivers/STM32F4xx_HAL_Driver/Src/stm32f4xx_hal_rcc.o
 .debug_str     0x000c1e4e    0xbcf21 ./Drivers/STM32F4xx_HAL_Driver/Src/stm32f4xx_hal_spi.o

.comment        0x00000000       0x43
 .comment       0x00000000       0x43 ./Core/Src/MY_LIS3DSH.o
                                 0x44 (size before relaxing)
 .comment       0x00000043       0x44 ./Core/Src/main.o
 .comment       0x00000043       0x44 ./Core/Src/stm32f4xx_hal_msp.o
 .comment       0x00000043       0x44 ./Core/Src/stm32f4xx_it.o
 .comment       0x00000043       0x44 ./Core/Src/system_stm32f4xx.o
 .comment       0x00000043       0x44 ./Drivers/STM32F4xx_HAL_Driver/Src/stm32f4xx_hal.o
 .comment       0x00000043       0x44 ./Drivers/STM32F4xx_HAL_Driver/Src/stm32f4xx_hal_cortex.o
 .comment       0x00000043       0x44 ./Drivers/STM32F4xx_HAL_Driver/Src/stm32f4xx_hal_gpio.o
 .comment       0x00000043       0x44 ./Drivers/STM32F4xx_HAL_Driver/Src/stm32f4xx_hal_rcc.o
 .comment       0x00000043       0x44 ./Drivers/STM32F4xx_HAL_Driver/Src/stm32f4xx_hal_spi.o

.debug_frame    0x00000000     0x18c4
 .debug_frame   0x00000000      0x160 ./Core/Src/MY_LIS3DSH.o
 .debug_frame   0x00000160       0xd0 ./Core/Src/main.o
 .debug_frame   0x00000230       0x80 ./Core/Src/stm32f4xx_hal_msp.o
 .debug_frame   0x000002b0      0x104 ./Core/Src/stm32f4xx_it.o
 .debug_frame   0x000003b4       0x58 ./Core/Src/system_stm32f4xx.o
 .debug_frame   0x0000040c      0x374 ./Drivers/STM32F4xx_HAL_Driver/Src/stm32f4xx_hal.o
 .debug_frame   0x00000780      0x508 ./Drivers/STM32F4xx_HAL_Driver/Src/stm32f4xx_hal_cortex.o
 .debug_frame   0x00000c88      0x14c ./Drivers/STM32F4xx_HAL_Driver/Src/stm32f4xx_hal_gpio.o
 .debug_frame   0x00000dd4      0x1f4 ./Drivers/STM32F4xx_HAL_Driver/Src/stm32f4xx_hal_rcc.o
 .debug_frame   0x00000fc8      0x828 ./Drivers/STM32F4xx_HAL_Driver/Src/stm32f4xx_hal_spi.o
 .debug_frame   0x000017f0       0x20 D:/STM32CubeIDE_1.18.0/STM32CubeIDE/plugins/com.st.stm32cube.ide.mcu.externaltools.gnu-tools-for-stm32.13.3.rel1.win32_1.0.0.202411081344/tools/bin/../lib/gcc/arm-none-eabi/13.3.1/../../../../arm-none-eabi/lib/thumb/v7e-m+fp/hard\libc_nano.a(libc_a-memset.o)
 .debug_frame   0x00001810       0x2c D:/STM32CubeIDE_1.18.0/STM32CubeIDE/plugins/com.st.stm32cube.ide.mcu.externaltools.gnu-tools-for-stm32.13.3.rel1.win32_1.0.0.202411081344/tools/bin/../lib/gcc/arm-none-eabi/13.3.1/../../../../arm-none-eabi/lib/thumb/v7e-m+fp/hard\libc_nano.a(libc_a-init.o)
 .debug_frame   0x0000183c       0x28 D:/STM32CubeIDE_1.18.0/STM32CubeIDE/plugins/com.st.stm32cube.ide.mcu.externaltools.gnu-tools-for-stm32.13.3.rel1.win32_1.0.0.202411081344/tools/bin/../lib/gcc/arm-none-eabi/13.3.1/../../../../arm-none-eabi/lib/thumb/v7e-m+fp/hard\libc_nano.a(libc_a-memcpy-stub.o)
 .debug_frame   0x00001864       0x2c D:/STM32CubeIDE_1.18.0/STM32CubeIDE/plugins/com.st.stm32cube.ide.mcu.externaltools.gnu-tools-for-stm32.13.3.rel1.win32_1.0.0.202411081344/tools/bin/../lib/gcc/arm-none-eabi/13.3.1/thumb/v7e-m+fp/hard\libgcc.a(_aeabi_uldivmod.o)
 .debug_frame   0x00001890       0x34 D:/STM32CubeIDE_1.18.0/STM32CubeIDE/plugins/com.st.stm32cube.ide.mcu.externaltools.gnu-tools-for-stm32.13.3.rel1.win32_1.0.0.202411081344/tools/bin/../lib/gcc/arm-none-eabi/13.3.1/thumb/v7e-m+fp/hard\libgcc.a(_udivmoddi4.o)

.debug_line_str
                0x00000000       0x75
 .debug_line_str
                0x00000000       0x75 ./Core/Startup/startup_stm32f407vgtx.o
