C:/Users/ekesh/OneDrive/Desktop/Industry/stm_codes/low level/STM32F4_Device_Headers_LL_HAL/Drivers/STM32F4xx_HAL_Driver/Inc/stm32f4xx_ll_bus.h:409:22:LL_AHB1_GRP1_EnableClock	24	static
C:/Users/ekesh/OneDrive/Desktop/Industry/stm_codes/low level/STM32F4_Device_Headers_LL_HAL/Drivers/STM32F4xx_HAL_Driver/Inc/stm32f4xx_ll_bus.h:1185:22:LL_APB1_GRP1_EnableClock	24	static
C:/Users/ekesh/OneDrive/Desktop/Industry/stm_codes/low level/STM32F4_Device_Headers_LL_HAL/Drivers/STM32F4xx_HAL_Driver/Inc/stm32f4xx_ll_gpio.h:273:22:LL_GPIO_SetPinMode	40	static,ignoring_inline_asm
C:/Users/ekesh/OneDrive/Desktop/Industry/stm_codes/low level/STM32F4_Device_Headers_LL_HAL/Drivers/STM32F4xx_HAL_Driver/Inc/stm32f4xx_ll_gpio.h:939:22:LL_GPIO_TogglePin	24	static
C:/Users/ekesh/OneDrive/Desktop/Industry/stm_codes/low level/STM32F4_Device_Headers_LL_HAL/Drivers/STM32F4xx_HAL_Driver/Inc/stm32f4xx_ll_tim.h:1124:22:LL_TIM_EnableCounter	16	static
C:/Users/ekesh/OneDrive/Desktop/Industry/stm_codes/low level/STM32F4_Device_Headers_LL_HAL/Drivers/STM32F4xx_HAL_Driver/Inc/stm32f4xx_ll_tim.h:1419:22:LL_TIM_SetPrescaler	16	static
C:/Users/ekesh/OneDrive/Desktop/Industry/stm_codes/low level/STM32F4_Device_Headers_LL_HAL/Drivers/STM32F4xx_HAL_Driver/Inc/stm32f4xx_ll_tim.h:1446:22:LL_TIM_SetAutoReload	16	static
C:/Users/ekesh/OneDrive/Desktop/Industry/stm_codes/low level/STM32F4_Device_Headers_LL_HAL/Drivers/STM32F4xx_HAL_Driver/Inc/stm32f4xx_ll_tim.h:3182:22:LL_TIM_ClearFlag_UPDATE	16	static
C:/Users/ekesh/OneDrive/Desktop/Industry/stm_codes/low level/STM32F4_Device_Headers_LL_HAL/Drivers/STM32F4xx_HAL_Driver/Inc/stm32f4xx_ll_tim.h:3193:26:LL_TIM_IsActiveFlag_UPDATE	16	static
../Src/main.c:9:5:main	8	static
../Src/main.c:25:6:Timer2_1s_Delay	8	static
