06:31:14 **** Incremental Build of configuration Debug for project 02_assignment ****
make -j8 all 
arm-none-eabi-gcc "../Core/Src/main.c" -mcpu=cortex-m4 -std=gnu11 -g3 -DDEBUG -DUSE_HAL_DRIVER -DSTM32F407xx -c -I../Core/Inc -I../Drivers/STM32F4xx_HAL_Driver/Inc -I../Drivers/STM32F4xx_HAL_Driver/Inc/Legacy -I../Drivers/CMSIS/Device/ST/STM32F4xx/Include -I../Drivers/CMSIS/Include -O0 -ffunction-sections -fdata-sections -Wall -fstack-usage -fcyclomatic-complexity -MMD -MP -MF"Core/Src/main.d" -MT"Core/Src/main.o" --specs=nano.specs -mfpu=fpv4-sp-d16 -mfloat-abi=hard -mthumb -o "Core/Src/main.o"
arm-none-eabi-gcc -o "02_assignment.elf" @"objects.list"   -mcpu=cortex-m4 -T"C:\Users\ekesh\OneDrive\Desktop\Industry\stm_codes\New folder\02_assignment\STM32F407VGTX_FLASH.ld" --specs=nosys.specs -Wl,-Map="02_assignment.map" -Wl,--gc-sections -static --specs=nano.specs -mfpu=fpv4-sp-d16 -mfloat-abi=hard -mthumb -u _printf_float -Wl,--start-group -lc -lm -Wl,--end-group
Finished building target: 02_assignment.elf
 
arm-none-eabi-size  02_assignment.elf 
arm-none-eabi-objdump -h -S 02_assignment.elf  > "02_assignment.list"
   text	   data	    bss	    dec	    hex	filename
  34632	    472	   2456	  37560	   92b8	02_assignment.elf
Finished building: default.size.stdout
 
Finished building: 02_assignment.list
 
06:31:21 **** Incremental Build of configuration Debug for project 02_assignment ****
make -j8 all 
arm-none-eabi-size  02_assignment.elf 
   text	   data	    bss	    dec	    hex	filename
  34632	    472	   2456	  37560	   92b8	02_assignment.elf
Finished building: default.size.stdout
 
