09:41:52 **** Incremental Build of configuration Debug for project mpu_test ****
make -j8 all 
arm-none-eabi-gcc "../Core/Src/main.c" -mcpu=cortex-m4 -std=gnu11 -g3 -DDEBUG -DUSE_HAL_DRIVER -DSTM32F407xx -c -I../Core/Inc -I../Drivers/STM32F4xx_HAL_Driver/Inc -I../Drivers/STM32F4xx_HAL_Driver/Inc/Legacy -I../Drivers/CMSIS/Device/ST/STM32F4xx/Include -I../Drivers/CMSIS/Include -O0 -ffunction-sections -fdata-sections -Wall -fstack-usage -fcyclomatic-complexity -MMD -MP -MF"Core/Src/main.d" -MT"Core/Src/main.o" --specs=nano.specs -mfpu=fpv4-sp-d16 -mfloat-abi=hard -mthumb -o "Core/Src/main.o"
arm-none-eabi-gcc -o "mpu_test.elf" @"objects.list"   -mcpu=cortex-m4 -T"C:\Users\ekesh\OneDrive\Desktop\Industry\stm_codes\New folder\mpu_test\STM32F407VGTX_FLASH.ld" --specs=nosys.specs -Wl,-Map="mpu_test.map" -Wl,--gc-sections -static --specs=nano.specs -mfpu=fpv4-sp-d16 -mfloat-abi=hard -mthumb -Wl,--start-group -lc -lm -Wl,--end-group
Finished building target: mpu_test.elf
 
arm-none-eabi-size  mpu_test.elf 
arm-none-eabi-objdump -h -S mpu_test.elf  > "mpu_test.list"
   text	   data	    bss	    dec	    hex	filename
  10688	     28	   1772	  12488	   30c8	mpu_test.elf
Finished building: default.size.stdout
 
Finished building: mpu_test.list
 

09:41:54 Build Finished. 0 errors, 0 warnings. (took 2s.857ms)

