../Core/Src/main.c:83:6:HAL_TIM_PeriodElapsedCallback	16	static
../Core/Src/main.c:92:6:HAL_SPI_TxRxCpltCallback	16	static
../Core/Src/main.c:100:6:HAL_SPI_ErrorCallback	16	static
../Core/Src/main.c:108:6:Read_LIS3DSH_DMA	8	static
../Core/Src/main.c:120:6:Process_SPI_Data	16	static
../Core/Src/main.c:139:5:main	200	static
../Core/Src/main.c:240:6:SystemClock_Config	88	static
../Core/Src/main.c:287:13:MX_SPI1_Init	8	static
../Core/Src/main.c:325:13:MX_TIM2_Init	32	static
../Core/Src/main.c:370:13:MX_USART2_UART_Init	8	static
../Core/Src/main.c:401:13:MX_DMA_Init	16	static
../Core/Src/main.c:422:13:MX_GPIO_Init	40	static
../Core/Src/main.c:455:6:HAL_GPIO_EXTI_Callback	16	static
../Core/Src/main.c:472:6:Error_Handler	4	static
